// Jest Snapshot v1, https://goo.gl/fbAQLP

exports[`construct-library 1`] = `"[object Object]"`;
